<?xml version="1.0" encoding="utf-8"?><testsuites name="pytest tests"><testsuite name="pytest" errors="0" failures="0" skipped="0" tests="34" time="0.302" timestamp="2026-03-24T23:53:26.155126-07:00" hostname="WF11318"><testcase classname="tests.test_analyze.TestRankOpportunities" name="test_ranking_order" time="0.000" /><testcase classname="tests.test_analyze.TestRankOpportunities" name="test_failing_metrics_listed" time="0.000" /><testcase classname="tests.test_analyze.TestRankOpportunities" name="test_all_passing" time="0.000" /><testcase classname="tests.test_analyze.TestReport" name="test_markdown_report" time="0.000" /><testcase classname="tests.test_analyze.TestReport" name="test_json_report" time="0.000" /><testcase classname="tests.test_system.TestPort" name="test_create_port" time="0.000" /><testcase classname="tests.test_system.TestPort" name="test_roundtrip_dict" time="0.000" /><testcase classname="tests.test_system.TestComponent" name="test_create_component" time="0.000" /><testcase classname="tests.test_system.TestComponent" name="test_roundtrip_dict" time="0.000" /><testcase classname="tests.test_system.TestComponent" name="test_to_markdown" time="0.000" /><testcase classname="tests.test_system.TestSystem" name="test_add_and_get_component" time="0.000" /><testcase classname="tests.test_system.TestSystem" name="test_get_missing_component_raises" time="0.000" /><testcase classname="tests.test_system.TestSystem" name="test_connections" time="0.000" /><testcase classname="tests.test_system.TestSystem" name="test_upstream_downstream" time="0.000" /><testcase classname="tests.test_system.TestSystem" name="test_topological_order" time="0.000" /><testcase classname="tests.test_system.TestSystem" name="test_yaml_roundtrip" time="0.011" /><testcase classname="tests.test_system.TestSystem" name="test_to_mermaid" time="0.000" /><testcase classname="tests.test_system.TestSystem" name="test_describe" time="0.000" /><testcase classname="tests.test_system.TestSystem" name="test_repr" time="0.000" /><testcase classname="tests.test_validate.TestMetrics" name="test_rmse_perfect" time="0.000" /><testcase classname="tests.test_validate.TestMetrics" name="test_rmse_known" time="0.000" /><testcase classname="tests.test_validate.TestMetrics" name="test_bias_positive" time="0.000" /><testcase classname="tests.test_validate.TestMetrics" name="test_bias_zero" time="0.000" /><testcase classname="tests.test_validate.TestMetrics" name="test_correlation_perfect" time="0.000" /><testcase classname="tests.test_validate.TestMetrics" name="test_correlation_negative" time="0.000" /><testcase classname="tests.test_validate.TestMetrics" name="test_nse_perfect" time="0.000" /><testcase classname="tests.test_validate.TestMetrics" name="test_nse_mean_model" time="0.000" /><testcase classname="tests.test_validate.TestMetrics" name="test_kge_perfect" time="0.000" /><testcase classname="tests.test_validate.TestValidateArrays" name="test_all_metrics" time="0.000" /><testcase classname="tests.test_validate.TestValidateArrays" name="test_with_thresholds" time="0.000" /><testcase classname="tests.test_validate.TestValidateArrays" name="test_failing_threshold" time="0.000" /><testcase classname="tests.test_validate.TestValidateArrays" name="test_selected_metrics" time="0.000" /><testcase classname="tests.test_validate.TestValidationResult" name="test_to_dict" time="0.000" /><testcase classname="tests.test_validate.TestValidationResult" name="test_to_markdown" time="0.000" /></testsuite></testsuites>